Solving the following grid:
9 0 5 | 0 0 3 | 0 0 4 
3 0 0 | 0 4 0 | 5 0 9 
6 0 0 | 5 0 0 | 2 0 0 
------+-------+------
8 0 2 | 0 0 0 | 6 0 0 
0 0 0 | 0 0 0 | 0 2 0 
0 0 0 | 1 3 0 | 0 0 5 
------+-------+------
0 5 7 | 2 0 4 | 3 0 6 
0 6 0 | 0 0 0 | 7 0 0 
0 0 0 | 0 0 8 | 0 0 0 


Solution found :')

9 8 5 | 6 2 3 | 1 7 4 
3 2 1 | 8 4 7 | 5 6 9 
6 7 4 | 5 1 9 | 2 3 8 
------+-------+------
8 4 2 | 9 7 5 | 6 1 3 
5 1 3 | 4 8 6 | 9 2 7 
7 9 6 | 1 3 2 | 8 4 5 
------+-------+------
1 5 7 | 2 9 4 | 3 8 6 
4 6 8 | 3 5 1 | 7 9 2 
2 3 9 | 7 6 8 | 4 5 1 

Algorithm: BFS
Total time: 797 ms
Total expanded states: 106987
