Solving the following grid:
7 1 0 | 0 0 0 | 9 5 0 
0 4 0 | 7 9 0 | 0 1 0 
0 0 0 | 0 0 8 | 0 0 7 
------+-------+------
0 8 0 | 0 3 0 | 0 7 9 
0 0 9 | 0 0 2 | 1 0 4 
0 0 0 | 4 0 0 | 0 2 0 
------+-------+------
0 0 6 | 0 0 0 | 5 9 0 
0 0 1 | 0 5 0 | 8 0 0 
5 0 0 | 0 2 1 | 0 4 0 


Solution found :')

7 1 8 | 2 6 4 | 9 5 3 
6 4 5 | 7 9 3 | 2 1 8 
9 3 2 | 5 1 8 | 4 6 7 
------+-------+------
2 8 4 | 1 3 5 | 6 7 9 
3 5 9 | 6 7 2 | 1 8 4 
1 6 7 | 4 8 9 | 3 2 5 
------+-------+------
8 2 6 | 3 4 7 | 5 9 1 
4 7 1 | 9 5 6 | 8 3 2 
5 9 3 | 8 2 1 | 7 4 6 

Algorithm: BFS
Total time: 25 ms
Total expanded states: 3655
