Solving the following grid:
9 0 7 | 1 0 8 | 0 0 3 
3 0 0 | 7 0 0 | 0 0 0 
0 0 0 | 0 6 4 | 7 0 8 
------+-------+------
6 9 0 | 0 0 5 | 0 0 0 
0 2 8 | 0 0 0 | 0 0 0 
7 0 5 | 0 8 6 | 0 0 0 
------+-------+------
0 7 9 | 0 0 0 | 4 0 0 
2 0 0 | 0 4 1 | 0 0 9 
0 4 0 | 0 0 7 | 8 0 0 


Solution found :')

9 6 7 | 1 5 8 | 2 4 3 
3 8 4 | 7 2 9 | 1 5 6 
5 1 2 | 3 6 4 | 7 9 8 
------+-------+------
6 9 1 | 2 7 5 | 3 8 4 
4 2 8 | 9 1 3 | 5 6 7 
7 3 5 | 4 8 6 | 9 2 1 
------+-------+------
8 7 9 | 6 3 2 | 4 1 5 
2 5 3 | 8 4 1 | 6 7 9 
1 4 6 | 5 9 7 | 8 3 2 

Algorithm: BFS
Total time: 81 ms
Total expanded states: 7872
