Solving the following grid:
0 0 5 | 0 0 0 | 0 0 0 
0 0 0 | 8 5 0 | 0 4 1 
1 8 0 | 0 0 7 | 2 5 0 
------+-------+------
8 6 0 | 7 0 0 | 0 0 0 
0 3 0 | 0 0 1 | 0 0 0 
0 0 0 | 0 2 8 | 0 1 0 
------+-------+------
9 0 0 | 0 0 2 | 0 6 0 
0 0 0 | 0 9 0 | 5 3 0 
0 0 2 | 0 0 0 | 9 7 0 


Solution found :')

4 7 5 | 2 1 6 | 8 9 3 
3 2 6 | 8 5 9 | 7 4 1 
1 8 9 | 4 3 7 | 2 5 6 
------+-------+------
8 6 1 | 7 4 5 | 3 2 9 
2 3 7 | 9 6 1 | 4 8 5 
5 9 4 | 3 2 8 | 6 1 7 
------+-------+------
9 4 3 | 5 7 2 | 1 6 8 
7 1 8 | 6 9 4 | 5 3 2 
6 5 2 | 1 8 3 | 9 7 4 

Algorithm: BFS
Total time: 109 ms
Total expanded states: 16804
