Solving the following grid:
0 0 0 | 0 0 0 | 0 9 0 
5 6 9 | 1 0 0 | 0 0 0 
2 0 0 | 0 0 5 | 8 0 0 
------+-------+------
0 0 0 | 0 0 0 | 0 6 0 
7 0 0 | 0 2 0 | 0 0 9 
0 8 1 | 0 0 0 | 2 0 0 
------+-------+------
0 0 0 | 0 7 0 | 3 0 0 
0 0 3 | 5 8 0 | 0 2 7 
4 0 2 | 0 0 0 | 5 8 0 


Solution found :')

1 3 8 | 7 4 2 | 6 9 5 
5 6 9 | 1 3 8 | 4 7 2 
2 4 7 | 6 9 5 | 8 3 1 
------+-------+------
3 2 4 | 9 5 1 | 7 6 8 
7 5 6 | 8 2 3 | 1 4 9 
9 8 1 | 4 6 7 | 2 5 3 
------+-------+------
8 9 5 | 2 7 6 | 3 1 4 
6 1 3 | 5 8 4 | 9 2 7 
4 7 2 | 3 1 9 | 5 8 6 

Algorithm: BFS
Total time: 114 ms
Total expanded states: 18812
