Solving the following grid:
0 0 6 | 0 0 1 | 0 0 2 
2 3 0 | 0 6 0 | 0 0 0 
0 0 0 | 0 0 0 | 0 5 0 
------+-------+------
0 0 8 | 3 0 0 | 0 1 0 
0 0 0 | 8 0 0 | 0 3 6 
0 6 0 | 4 0 0 | 9 0 5 
------+-------+------
0 0 0 | 0 0 4 | 0 0 3 
0 2 0 | 0 0 7 | 0 6 9 
0 4 7 | 0 0 9 | 8 0 0 


Solution found :')

5 8 6 | 7 4 1 | 3 9 2 
2 3 9 | 5 6 8 | 1 4 7 
1 7 4 | 9 2 3 | 6 5 8 
------+-------+------
9 5 8 | 3 7 6 | 2 1 4 
4 1 2 | 8 9 5 | 7 3 6 
7 6 3 | 4 1 2 | 9 8 5 
------+-------+------
6 9 1 | 2 8 4 | 5 7 3 
8 2 5 | 1 3 7 | 4 6 9 
3 4 7 | 6 5 9 | 8 2 1 

Algorithm: BFS
Total time: 380 ms
Total expanded states: 58415
